** Drc report for Set_In_Stone.kicad_pcb **
** Created on 2026-06-17T18:50:20 **
** Report includes: Errors, Warnings, Exclusions **

** Found 20 DRC violations **
[clearance]: Clearance violation ( clearance 0.2000 mm; actual 0.0361 mm)
    Local override; error
    @(214.5000 mm, 70.5000 mm): Track [+3V3] on B.Cu, length 0.6526 mm
    @(198.0000 mm, 88.5000 mm): Track [BTN_BLUE] on B.Cu, length 24.5225 mm
[clearance]: Clearance violation ( clearance 0.2000 mm; actual 0.0361 mm)
    Local override; error
    @(215.3400 mm, 71.1600 mm): Track [BTN_BLUE] on B.Cu, length 1.3600 mm
    @(214.5000 mm, 70.5000 mm): Track [+3V3] on B.Cu, length 0.6526 mm
[clearance]: Clearance violation ( clearance 0.2000 mm; actual 0.1500 mm)
    Local override; error
    @(191.3000 mm, 76.2400 mm): PTH pad J3-8 [TFT MISO] of U1
    @(125.3800 mm, 75.1600 mm): Track [TFT_LED] on F.Cu, length 66.9600 mm
[clearance]: Clearance violation ( clearance 0.2000 mm; actual 0.0361 mm)
    Local override; error
    @(215.1526 mm, 70.5000 mm): Track [+3V3] on B.Cu, length 1.1314 mm
    @(198.0000 mm, 88.5000 mm): Track [BTN_BLUE] on B.Cu, length 24.5225 mm
[shorting_items]: Items shorting two nets (nets TFT_RST and +3V3)
    Local override; error
    @(216.7000 mm, 68.6200 mm): PTH pad J2-11 [TFT_RST] of U1
    @(215.9526 mm, 69.7000 mm): Track [+3V3] on B.Cu, length 0.2293 mm
[shorting_items]: Items shorting two nets (nets TFT_RST and +3V3)
    Local override; error
    @(216.7000 mm, 68.6200 mm): PTH pad J2-11 [TFT_RST] of U1
    @(216.1819 mm, 69.7000 mm): Track [+3V3] on B.Cu, length 0.0707 mm
[shorting_items]: Items shorting two nets (nets TFT_RST and +3V3)
    Local override; error
    @(216.7000 mm, 68.6200 mm): PTH pad J2-11 [TFT_RST] of U1
    @(216.2319 mm, 69.7500 mm): Track [+3V3] on B.Cu, length 0.8054 mm
[shorting_items]: Items shorting two nets (nets TFT_RST and +3V3)
    Local override; error
    @(216.7000 mm, 68.6200 mm): PTH pad J2-11 [TFT_RST] of U1
    @(217.0374 mm, 69.7500 mm): Track [+3V3] on B.Cu, length 1.3614 mm
[clearance]: Clearance violation ( clearance 0.2000 mm; actual 0.0361 mm)
    Local override; error
    @(215.3400 mm, 71.1600 mm): Track [BTN_BLUE] on B.Cu, length 1.3600 mm
    @(215.1526 mm, 70.5000 mm): Track [+3V3] on B.Cu, length 1.1314 mm
[clearance]: Clearance violation ( clearance 0.2000 mm; actual 0.0238 mm)
    Local override; error
    @(216.7000 mm, 73.7000 mm): PTH pad J2-9 [BTN_YELLOW] of U1
    @(218.0000 mm, 70.7126 mm): Track [+3V3] on B.Cu, length 2.8874 mm
[clearance]: Clearance violation ( clearance 0.2000 mm; actual 0.0238 mm)
    Local override; error
    @(216.7000 mm, 73.7000 mm): PTH pad J2-9 [BTN_YELLOW] of U1
    @(218.0000 mm, 73.6000 mm): Track [+3V3] on B.Cu, length 0.7071 mm
[solder_mask_bridge]: Rear solder mask aperture bridges items with different nets
    Rule: board setup solder mask min width; error
    @(215.1526 mm, 70.5000 mm): Track [+3V3] on B.Cu, length 1.1314 mm
    @(216.7000 mm, 68.6200 mm): PTH pad J2-11 [TFT_RST] of U1
[solder_mask_bridge]: Rear solder mask aperture bridges items with different nets
    Rule: board setup solder mask min width; error
    @(215.9526 mm, 69.7000 mm): Track [+3V3] on B.Cu, length 0.2293 mm
    @(216.7000 mm, 68.6200 mm): PTH pad J2-11 [TFT_RST] of U1
[solder_mask_bridge]: Rear solder mask aperture bridges items with different nets
    Rule: board setup solder mask min width; error
    @(216.1819 mm, 69.7000 mm): Track [+3V3] on B.Cu, length 0.0707 mm
    @(216.7000 mm, 68.6200 mm): PTH pad J2-11 [TFT_RST] of U1
[solder_mask_bridge]: Rear solder mask aperture bridges items with different nets
    Rule: board setup solder mask min width; error
    @(216.2319 mm, 69.7500 mm): Track [+3V3] on B.Cu, length 0.8054 mm
    @(216.7000 mm, 68.6200 mm): PTH pad J2-11 [TFT_RST] of U1
[solder_mask_bridge]: Rear solder mask aperture bridges items with different nets
    Rule: board setup solder mask min width; error
    @(217.0374 mm, 69.7500 mm): Track [+3V3] on B.Cu, length 1.3614 mm
    @(216.7000 mm, 71.1600 mm): PTH pad J2-10 [BTN_BLUE] of U1
[solder_mask_bridge]: Rear solder mask aperture bridges items with different nets
    Rule: board setup solder mask min width; error
    @(217.0374 mm, 69.7500 mm): Track [+3V3] on B.Cu, length 1.3614 mm
    @(216.7000 mm, 68.6200 mm): PTH pad J2-11 [TFT_RST] of U1
[solder_mask_bridge]: Rear solder mask aperture bridges items with different nets
    Rule: board setup solder mask min width; error
    @(218.0000 mm, 70.7126 mm): Track [+3V3] on B.Cu, length 2.8874 mm
    @(216.7000 mm, 73.7000 mm): PTH pad J2-9 [BTN_YELLOW] of U1
[solder_mask_bridge]: Rear solder mask aperture bridges items with different nets
    Rule: board setup solder mask min width; error
    @(218.0000 mm, 70.7126 mm): Track [+3V3] on B.Cu, length 2.8874 mm
    @(216.7000 mm, 71.1600 mm): PTH pad J2-10 [BTN_BLUE] of U1
[solder_mask_bridge]: Rear solder mask aperture bridges items with different nets
    Rule: board setup solder mask min width; error
    @(218.0000 mm, 73.6000 mm): Track [+3V3] on B.Cu, length 0.7071 mm
    @(216.7000 mm, 73.7000 mm): PTH pad J2-9 [BTN_YELLOW] of U1

** Found 0 unconnected pads **

** Found 0 Footprint errors **

** Ignored checks **
    - Footprint has no courtyard defined
    - Track endpoint not centered on via
    - Tuning profile track geometries
    - Footprint doesn't match symbol's footprint filters
    - Footprint component type doesn't match footprint pads

** End of Report **
